<html>
<body>
<pre>
<h1>�Vision Build Log</h1>
<h2>Tool Versions:</h2>
IDE-Version: µVision V5.24.2.0
Copyright (C) 2017 ARM Ltd and ARM Germany GmbH. All rights reserved.
License Information: a a, a, LIC=MPPLD-8FQKS-VEVHA-166VB-3FT8Y-HAIVA
 
Tool Versions:
Toolchain:       MDK-ARM Plus  Version: 5.24.1
Toolchain Path:  C:\Keil_v5\ARM\ARMCC\Bin
C Compiler:      Armcc.exe V5.06 update 5 (build 528)
Assembler:       Armasm.exe V5.06 update 5 (build 528)
Linker/Locator:  ArmLink.exe V5.06 update 5 (build 528)
Library Manager: ArmAr.exe V5.06 update 5 (build 528)
Hex Converter:   FromElf.exe V5.06 update 5 (build 528)
CPU DLL:         SARMCM3.DLL V5.24.1
Dialog DLL:      DCM.DLL V1.16.0.0
Target DLL:      STLink\ST-LINKIII-KEIL_SWO.dll V3.0.1.0
Dialog DLL:      TCM.DLL V1.32.0.0
 
<h2>Project:</h2>
C:\Users\Jay\Desktop\project\LED - 副本 (2)\MDK-ARM\LED.uvprojx
Project File Date:  09/01/2025

<h2>Output:</h2>
*** Using Compiler 'V5.06 update 5 (build 528)', folder: 'C:\Keil_v5\ARM\ARMCC\Bin'
Rebuild target 'LED'
assembling startup_stm32f103xb.s...
compiling gpio.c...
compiling freertos.c...
compiling main.c...
compiling adc.c...
compiling dma.c...
compiling i2c.c...
compiling rtc.c...
compiling usart.c...
compiling stm32f1xx_it.c...
compiling stm32f1xx_hal_msp.c...
compiling stm32f1xx_hal_gpio_ex.c...
compiling stm32f1xx_hal_timebase_tim.c...
compiling stm32f1xx_hal_adc_ex.c...
compiling stm32f1xx_hal_tim_ex.c...
compiling stm32f1xx_hal_adc.c...
compiling stm32f1xx_hal_tim.c...
compiling stm32f1xx_hal.c...
compiling stm32f1xx_hal_rcc_ex.c...
compiling stm32f1xx_hal_rcc.c...
compiling stm32f1xx_hal_gpio.c...
compiling stm32f1xx_hal_dma.c...
compiling stm32f1xx_hal_cortex.c...
compiling stm32f1xx_hal_pwr.c...
compiling stm32f1xx_hal_flash.c...
compiling stm32f1xx_hal_flash_ex.c...
compiling stm32f1xx_hal_exti.c...
compiling stm32f1xx_hal_rtc.c...
compiling stm32f1xx_hal_i2c.c...
compiling stm32f1xx_hal_rtc_ex.c...
compiling stm32f1xx_hal_uart.c...
compiling system_stm32f1xx.c...
compiling my_crc.c...
compiling my_frame.c...
compiling test.c...
compiling my_adc.c...
compiling my_control.c...
compiling my_led.c...
compiling my_oled.c...
compiling my_task.c...
compiling oled_data.c...
compiling my_semaphore.c...
compiling croutine.c...
compiling event_groups.c...
compiling list.c...
compiling my_tim.c...
compiling queue.c...
compiling stream_buffer.c...
compiling my_usart.c...
..\My_code\My_C\my_usart.c(135): warning:  #550-D: variable "cmd_frame_data"  was set but never used
  	Cmd_frame_process_t cmd_frame_data;
..\My_code\My_C\my_usart.c: 1 warning, 0 errors
compiling tasks.c...
compiling timers.c...
compiling heap_4.c...
compiling port.c...
compiling cmsis_os2.c...
linking...
Program Size: Code=19624 RO-data=2468 RW-data=364 ZI-data=18588  
FromELF: creating hex file...
"LED\LED.axf" - 0 Error(s), 1 Warning(s).

<h2>Software Packages used:</h2>

Package Vendor: ARM
                http://www.keil.com/pack/ARM.CMSIS.5.0.1.pack
                ARM.CMSIS.5.0.1
                CMSIS (Cortex Microcontroller Software Interface Standard)
   * Component: CORE Version: 5.0.1

Package Vendor: Keil
                http://www.keil.com/pack/Keil.STM32F1xx_DFP.2.2.0.pack
                Keil.STM32F1xx_DFP.2.2.0
                STMicroelectronics STM32F1 Series Device Support, Drivers and Examples

<h2>Collection of Component include folders:</h2>
  .\RTE\_LED
  C:\Keil_v5\ARM\PACK\ARM\CMSIS\5.0.1\CMSIS\Include
  C:\Keil_v5\ARM\PACK\Keil\STM32F1xx_DFP\2.2.0\Device\Include

<h2>Collection of Component Files used:</h2>

   * Component: ARM::CMSIS:CORE:5.0.1
Build Time Elapsed:  00:00:15
</pre>
</body>
</html>
